../Core/Src/main.c:79:6:HAL_UART_RxCpltCallback	16	static
../Core/Src/main.c:89:6:command_paser_fsm	16	static
../Core/Src/main.c:140:6:uart_communication_fsm	8	static
../Core/Src/main.c:167:5:main	8	static
../Core/Src/main.c:220:6:SystemClock_Config	88	static
../Core/Src/main.c:259:13:MX_ADC1_Init	24	static
../Core/Src/main.c:301:13:MX_TIM2_Init	32	static
../Core/Src/main.c:343:13:MX_USART2_UART_Init	8	static
../Core/Src/main.c:374:13:MX_GPIO_Init	32	static
../Core/Src/main.c:393:6:HAL_TIM_PeriodElapsedCallback	16	static
../Core/Src/main.c:402:6:Error_Handler	4	static,ignoring_inline_asm
